# check.pl



System checking script in Perl

```
# Time
        Thu Mar  5 13:26:52 KST 2020
# System Information
        Linux smartfactory 4.15.0-88-generic #88-Ubuntu SMP Tue Feb 11 20:11:34 UTC 2020 x86_64 x86_64 x86_64 GNU/Linux
# Linux Standard Base
        DISTRIB_ID=Ubuntu
        DISTRIB_RELEASE=18.04
        DISTRIB_CODENAME=bionic
        DISTRIB_DESCRIPTION="Ubuntu 18.04.3 LTS"
# Disk
        Filesystem      Size  Used Avail Use% Mounted on
        udev            7.9G     0  7.9G   0% /dev
        tmpfs           1.6G  976K  1.6G   1% /run
        /dev/sda2       118G   13G  100G  11% /
        tmpfs           7.9G     0  7.9G   0% /dev/shm
        tmpfs           5.0M     0  5.0M   0% /run/lock
        tmpfs           7.9G     0  7.9G   0% /sys/fs/cgroup
        /dev/loop0       92M   92M     0 100% /snap/core/8689
        /dev/loop1       92M   92M     0 100% /snap/core/8592
        tmpfs           1.6G     0  1.6G   0% /run/user/1000
# Memory
                      total        used        free      shared  buff/cache   available
        Mem:            15G        557M         11G        976K        3.4G         14G
        Swap:          4.0G          0B        4.0G
# Service (command, cpu, mem, started, uptime)
        classifier     0.1  0.1  2-20:02:43 Mon Mar  2 17:24:08 2020 /home/unisem/server/classifier --debug
        mysqld         0.7  0.8  3-03:17:56 Mon Mar  2 10:08:55 2020 /usr/sbin/mysqld
        calculator     0.1  0.0  2-20:02:38 Mon Mar  2 17:24:13 2020 /home/unisem/server/calculator --debug
# Listening (service, port)
        mysqld                           3306
        java                             8000
# Defunct process
        N/A
```
